// Jest Snapshot v1, https://goo.gl/fbAQLP

exports[`UpdateMeMutation updates the user profile and returns its new data payload 1`] = `
Object {
  "updateMyUserProfile": Object {
    "me": Object {
      "name": "andy-warhol",
    },
    "user": Object {
      "location": Object {
        "address": "123 my street",
        "city": null,
      },
      "name": "andy-warhol",
      "phone": "1234890",
      "priceRange": "-1:1000000000000",
    },
  },
}
`;
